// Jest Snapshot v1, https://goo.gl/fbAQLP

exports[`Add Component matches snapshot 1`] = `
<form>
  <input
    name="name"
    onChange={[Function]}
    type="text"
    value=""
  />
  <button
    onClick={[Function]}
  >
    Add
  </button>
</form>
`;
